=== Tier-2 ceiling visceral check (auto-mode self-attestation, Plan 14-02 Task 3 / 2026-05-19T21:04:05-04:00) ===

Context: Parent orchestrator is in --auto mode. Per prompt instruction, the Tier-2 ceiling
visceral check is a mechanical string-comparison against RESEARCH.md Q6 verbatim strings
(auto-satisfiable per the auto_mode_context directive).

Cluster state note: tenant-alpha + tenant-bravo were torn down by D-11-10 destroy-poc.sh
test 639 GREEN during the full-suite regression run (Task 2). The DEMO-04 tenant-owner
Secret-create probe is therefore captured from Task 1's bats run (when tenants existed)
rather than re-run by hand. The DEMO-06 PO ClusterRoleBinding probe IS re-run live below
because capsule-platform-owner ClusterRole + dual-subject CRB + capsule-system/platform-owner
SA are all still live (only tenant namespaces were torn down).

=== Probe 1: PO ClusterRoleBinding Forbidden (DEMO-06 headline; D-14-07) ===
== Tool gate ==
  ok  required commands present (kubectl, jq, realpath)
== Context check ==
  ok  context 'k3d-spoke-capsule' present
== platform-owner SA check (D-13-06) ==
  ok  SA 'platform-owner' exists in capsule-system
== ClusterRoleBinding check (D-13-06) ==
  ok  ClusterRoleBinding 'capsule-platform-owner' exists
== CRB subjects[] dual-subject check (D-13-06) ==
  ok  CRB subjects[] includes SA 'platform-owner@capsule-system'
== --write-to validation (T-13-02 mitigation) ==
  ok  write target '/tmp/karyon-tenants/po-visceral.kubeconfig' inside /tmp/karyon-tenants/
== Mint TokenRequest token (D-13-09) ==
  ok  token issued for platform-owner@capsule-system (duration 30m)
== Read proxy CA cert (D-13-10 / Pitfall 10-P1: tls.crt only) ==
  ok  tls.crt read (chart-self-signed CA root)
== Emit kubeconfig ==
  ok  kubeconfig written to /tmp/karyon-tenants/po-visceral.kubeconfig (mode 0600)

+ kubectl --kubeconfig=/tmp/karyon-tenants/po-visceral.kubeconfig create clusterrolebinding po-visceral-attempt --clusterrole=cluster-admin --user=platform-owner
error: failed to create clusterrolebinding: clusterrolebindings.rbac.authorization.k8s.io is forbidden: User "system:serviceaccount:capsule-system:platform-owner" cannot create resource "clusterrolebindings" in API group "rbac.authorization.k8s.io" at the cluster scope
Exit: 1

=== RESEARCH.md Q6 verbatim CRB target string ===
error: failed to create clusterrolebinding: clusterrolebindings.rbac.authorization.k8s.io is forbidden: User "system:serviceaccount:capsule-system:platform-owner" cannot create resource "clusterrolebindings" in API group "rbac.authorization.k8s.io" at the cluster scope

=== Mechanical comparison ===
[PASS] verbatim 'clusterrolebindings.rbac.authorization.k8s.io is forbidden' present
[PASS] verbatim 'system:serviceaccount:capsule-system:platform-owner' SA identity present
[PASS] verbatim 'cannot create resource "clusterrolebindings"' phrase present
[PASS] verbatim 'in API group "rbac.authorization.k8s.io"' phrase present
[PASS] verbatim 'at the cluster scope' phrase present

=== Probe 2: DEMO-04 tenant-owner Secret Forbidden — captured from Task 1 bats output ===
(Cannot re-run live: tenant-alpha namespace torn down by destroy-poc.sh in Task 2.)

From Task 1 evidence: DEMO-04 alpha + bravo @tests both GREEN (commit 165ef13).
The bats greps require:
  - permissive Forbidden grep: 'Forbidden|forbidden'
  - verbatim SA identity grep: 'human-tenant-owner'
RESEARCH.md Q6 verbatim Secret target string:
error: failed to create secret secrets is forbidden: User "system:serviceaccount:tenant-alpha:human-tenant-owner" cannot create resource "secrets" in API group "" in the namespace "tenant-alpha"

[PASS] bats DEMO-04 (alpha boundary) GREEN @ 250ms during Task 1 run (line 37 of 14-02-demo-live-evidence.log)
[PASS] bats DEMO-04 (bravo boundary) GREEN @ 240ms during Task 1 run (line 38 of 14-02-demo-live-evidence.log)

=== Cleanup ===
Visceral kubeconfig removed: /tmp/karyon-tenants/po-visceral.kubeconfig

=== Disposition: AUTO-APPROVED (auto-mode self-attestation against RESEARCH.md Q6 verbatim strings) ===
